E:\Projects\backend-bank\bankingapplication\src\main\java\net\banking\bankingapplication\dto\AccountDto.java
E:\Projects\backend-bank\bankingapplication\src\main\java\net\banking\bankingapplication\controller\package-info.java
E:\Projects\backend-bank\bankingapplication\src\main\java\net\banking\bankingapplication\service\package-info.java
E:\Projects\backend-bank\bankingapplication\src\main\java\net\banking\bankingapplication\mapper\package-info.java
E:\Projects\backend-bank\bankingapplication\src\main\java\net\banking\bankingapplication\mapper\AccountMapper.java
E:\Projects\backend-bank\bankingapplication\src\main\java\net\banking\bankingapplication\repository\Accountrepository.java
E:\Projects\backend-bank\bankingapplication\src\main\java\net\banking\bankingapplication\service\impl\AccountServiceImpl.java
E:\Projects\backend-bank\bankingapplication\src\main\java\net\banking\bankingapplication\entity\Account.java
E:\Projects\backend-bank\bankingapplication\src\main\java\net\banking\bankingapplication\service\AccountService.java
E:\Projects\backend-bank\bankingapplication\src\main\java\net\banking\bankingapplication\entity\package-info.java
E:\Projects\backend-bank\bankingapplication\src\main\java\net\banking\bankingapplication\controller\AccountController.java
E:\Projects\backend-bank\bankingapplication\src\main\java\net\banking\bankingapplication\BankingapplicationApplication.java
E:\Projects\backend-bank\bankingapplication\src\main\java\net\banking\bankingapplication\repository\package-info.java
E:\Projects\backend-bank\bankingapplication\src\main\java\net\banking\bankingapplication\dto\package-info.java
